// Jest Snapshot v1, https://goo.gl/fbAQLP

exports[`ButtonLink should render the ButtonLink component correctly 1`] = `
<a
  aria-label="Learn more"
  class="MuiButton-root MuiButton-outlined MuiButton-outlinedPrimary MuiButton-sizeMedium MuiButton-outlinedSizeMedium MuiButtonBase-root  css-1rwt2y5-MuiButtonBase-root-MuiButton-root"
  href="/about"
  tabindex="0"
>
  <span
    class="MuiTouchRipple-root css-8je8zh-MuiTouchRipple-root"
  />
</a>
`;
